{
  "url": "<url>",
  "track_id": "<id>",
  "language": "Ruby",
  "slug": "one",
  "name": "One",
  "iteration": 1,
  "id": "<id>",
  "status": "saved",
  "track": "ruby",
  "exercise": "one",
  "submission_path": "<submission_path>"
}
